// Jest Snapshot v1, https://goo.gl/fbAQLP

exports[`CardContainer should match the snapshot 1`] = `
ReactWrapper {
  "length": 1,
  Symbol(enzyme.__unrendered__): <CardContainer
    favorites={
        Array [
            Object {
              "climate": "temperate, arid",
              "favorite": true,
              "name": "Geonosis",
              "population": "100000000000",
              "residents": Array [
                undefined,
              ],
              "terrain": "rock, desert, mountain, barren",
            },
          ]
    }
    peopleData={
        Array [
            Object {
              "favorite": false,
              "homeworld": undefined,
              "name": "Beru Whitesun lars",
              "population": undefined,
              "species": undefined,
            },
          ]
    }
    planetData={
        Array [
            Object {
              "climate": "temperate, arid",
              "favorite": false,
              "name": "Geonosis",
              "population": "100000000000",
              "residents": Array [
                undefined,
              ],
              "terrain": "rock, desert, mountain, barren",
            },
          ]
    }
    source="people"
    vehicleData={
        Array [
            Object {
              "class": undefined,
              "favorite": false,
              "model": "Modified Luxury Sail Barge",
              "name": "Sail barge",
              "passengers": "500",
            },
          ]
    }
/>,
  Symbol(enzyme.__renderer__): Object {
    "batchedUpdates": [Function],
    "getNode": [Function],
    "render": [Function],
    "simulateEvent": [Function],
    "unmount": [Function],
  },
  Symbol(enzyme.__root__): [Circular],
  Symbol(enzyme.__node__): Object {
    "instance": null,
    "key": undefined,
    "nodeType": "function",
    "props": Object {
      "favorites": Array [
        Object {
          "climate": "temperate, arid",
          "favorite": true,
          "name": "Geonosis",
          "population": "100000000000",
          "residents": Array [
            undefined,
          ],
          "terrain": "rock, desert, mountain, barren",
        },
      ],
      "peopleData": Array [
        Object {
          "favorite": false,
          "homeworld": undefined,
          "name": "Beru Whitesun lars",
          "population": undefined,
          "species": undefined,
        },
      ],
      "planetData": Array [
        Object {
          "climate": "temperate, arid",
          "favorite": false,
          "name": "Geonosis",
          "population": "100000000000",
          "residents": Array [
            undefined,
          ],
          "terrain": "rock, desert, mountain, barren",
        },
      ],
      "source": "people",
      "vehicleData": Array [
        Object {
          "class": undefined,
          "favorite": false,
          "model": "Modified Luxury Sail Barge",
          "name": "Sail barge",
          "passengers": "500",
        },
      ],
    },
    "ref": null,
    "rendered": Object {
      "instance": <article
        class="card-container"
>
        <h3
                class="card-header"
        >
                PEOPLE
                CARDS
        </h3>
        <section
                class="card-wrap"
        >
                <article
                        class="card"
                >
                        <div
                                class="fav-icon"
                        >
                                <i
                                        class="fas fa-sun undefined"
                                />
                        </div>
                        <section
                                class="card-display"
                        >
                                <h3
                                        class="title"
                                >
                                        <div
                                                class="favorite"
                                        >
                                                <h3>
                                                        FAVORITE
                                                        :
                                                </h3>
                                                <h3 />
                                        </div>
                                        <div
                                                class="name"
                                        >
                                                <h3>
                                                        NAME
                                                        :
                                                </h3>
                                                <h3>
                                                        Beru Whitesun lars
                                                </h3>
                                        </div>
                                        <div
                                                class="homeworld"
                                        >
                                                <h3>
                                                        HOMEWORLD
                                                        :
                                                </h3>
                                                <h3 />
                                        </div>
                                        <div
                                                class="population"
                                        >
                                                <h3>
                                                        POPULATION
                                                        :
                                                </h3>
                                                <h3 />
                                        </div>
                                        <div
                                                class="species"
                                        >
                                                <h3>
                                                        SPECIES
                                                        :
                                                </h3>
                                                <h3 />
                                        </div>
                                </h3>
                        </section>
                </article>
        </section>
</article>,
      "key": undefined,
      "nodeType": "host",
      "props": Object {
        "children": Array [
          <h3
            className="card-header"
>
            PEOPLE
             CARDS
</h3>,
          <section
            className="card-wrap"
>
            <Card
                        data={
                                    Object {
                                                "favorite": false,
                                                "homeworld": undefined,
                                                "name": "Beru Whitesun lars",
                                                "population": undefined,
                                                "species": undefined,
                                              }
                        }
                        handleClick={undefined}
                        isFavorite={undefined}
            />
</section>,
        ],
        "className": "card-container",
      },
      "ref": null,
      "rendered": Array [
        Object {
          "instance": <h3
            class="card-header"
>
            PEOPLE
            CARDS
</h3>,
          "key": undefined,
          "nodeType": "host",
          "props": Object {
            "children": Array [
              "PEOPLE",
              " CARDS",
            ],
            "className": "card-header",
          },
          "ref": null,
          "rendered": Array [
            "PEOPLE",
            " CARDS",
          ],
          "type": "h3",
        },
        Object {
          "instance": <section
            class="card-wrap"
>
            <article
                        class="card"
            >
                        <div
                                    class="fav-icon"
                        >
                                    <i
                                                class="fas fa-sun undefined"
                                    />
                        </div>
                        <section
                                    class="card-display"
                        >
                                    <h3
                                                class="title"
                                    >
                                                <div
                                                            class="favorite"
                                                >
                                                            <h3>
                                                                        FAVORITE
                                                                        :
                                                            </h3>
                                                            <h3 />
                                                </div>
                                                <div
                                                            class="name"
                                                >
                                                            <h3>
                                                                        NAME
                                                                        :
                                                            </h3>
                                                            <h3>
                                                                        Beru Whitesun lars
                                                            </h3>
                                                </div>
                                                <div
                                                            class="homeworld"
                                                >
                                                            <h3>
                                                                        HOMEWORLD
                                                                        :
                                                            </h3>
                                                            <h3 />
                                                </div>
                                                <div
                                                            class="population"
                                                >
                                                            <h3>
                                                                        POPULATION
                                                                        :
                                                            </h3>
                                                            <h3 />
                                                </div>
                                                <div
                                                            class="species"
                                                >
                                                            <h3>
                                                                        SPECIES
                                                                        :
                                                            </h3>
                                                            <h3 />
                                                </div>
                                    </h3>
                        </section>
            </article>
</section>,
          "key": undefined,
          "nodeType": "host",
          "props": Object {
            "children": Array [
              <Card
                data={
                                Object {
                                                "favorite": false,
                                                "homeworld": undefined,
                                                "name": "Beru Whitesun lars",
                                                "population": undefined,
                                                "species": undefined,
                                              }
                }
                handleClick={undefined}
                isFavorite={undefined}
/>,
            ],
            "className": "card-wrap",
          },
          "ref": null,
          "rendered": Array [
            Object {
              "instance": null,
              "key": "0",
              "nodeType": "function",
              "props": Object {
                "data": Object {
                  "favorite": false,
                  "homeworld": undefined,
                  "name": "Beru Whitesun lars",
                  "population": undefined,
                  "species": undefined,
                },
                "handleClick": undefined,
                "isFavorite": undefined,
              },
              "ref": null,
              "rendered": Object {
                "instance": <article
                  class="card"
>
                  <div
                                    class="fav-icon"
                  >
                                    <i
                                                      class="fas fa-sun undefined"
                                    />
                  </div>
                  <section
                                    class="card-display"
                  >
                                    <h3
                                                      class="title"
                                    >
                                                      <div
                                                                        class="favorite"
                                                      >
                                                                        <h3>
                                                                                          FAVORITE
                                                                                          :
                                                                        </h3>
                                                                        <h3 />
                                                      </div>
                                                      <div
                                                                        class="name"
                                                      >
                                                                        <h3>
                                                                                          NAME
                                                                                          :
                                                                        </h3>
                                                                        <h3>
                                                                                          Beru Whitesun lars
                                                                        </h3>
                                                      </div>
                                                      <div
                                                                        class="homeworld"
                                                      >
                                                                        <h3>
                                                                                          HOMEWORLD
                                                                                          :
                                                                        </h3>
                                                                        <h3 />
                                                      </div>
                                                      <div
                                                                        class="population"
                                                      >
                                                                        <h3>
                                                                                          POPULATION
                                                                                          :
                                                                        </h3>
                                                                        <h3 />
                                                      </div>
                                                      <div
                                                                        class="species"
                                                      >
                                                                        <h3>
                                                                                          SPECIES
                                                                                          :
                                                                        </h3>
                                                                        <h3 />
                                                      </div>
                                    </h3>
                  </section>
</article>,
                "key": undefined,
                "nodeType": "host",
                "props": Object {
                  "children": Array [
                    <div
                      className="fav-icon"
                      onClick={[Function]}
>
                      <i
                                            className="fas fa-sun undefined"
                      />
</div>,
                    <section
                      className="card-display"
>
                      <h3
                                            className="title"
                      >
                                            <div
                                                                  className="favorite"
                                            >
                                                                  <h3>
                                                                                        FAVORITE
                                                                                        :
                                                                  </h3>
                                                                  <h3 />
                                            </div>
                                            <div
                                                                  className="name"
                                            >
                                                                  <h3>
                                                                                        NAME
                                                                                        :
                                                                  </h3>
                                                                  <h3>
                                                                                        Beru Whitesun lars
                                                                  </h3>
                                            </div>
                                            <div
                                                                  className="homeworld"
                                            >
                                                                  <h3>
                                                                                        HOMEWORLD
                                                                                        :
                                                                  </h3>
                                                                  <h3 />
                                            </div>
                                            <div
                                                                  className="population"
                                            >
                                                                  <h3>
                                                                                        POPULATION
                                                                                        :
                                                                  </h3>
                                                                  <h3 />
                                            </div>
                                            <div
                                                                  className="species"
                                            >
                                                                  <h3>
                                                                                        SPECIES
                                                                                        :
                                                                  </h3>
                                                                  <h3 />
                                            </div>
                      </h3>
</section>,
                  ],
                  "className": "card",
                },
                "ref": null,
                "rendered": Array [
                  Object {
                    "instance": <div
                      class="fav-icon"
>
                      <i
                                            class="fas fa-sun undefined"
                      />
</div>,
                    "key": undefined,
                    "nodeType": "host",
                    "props": Object {
                      "children": <i
                        className="fas fa-sun undefined"
/>,
                      "className": "fav-icon",
                      "onClick": [Function],
                    },
                    "ref": null,
                    "rendered": Array [
                      Object {
                        "instance": <i
                          class="fas fa-sun undefined"
/>,
                        "key": undefined,
                        "nodeType": "host",
                        "props": Object {
                          "className": "fas fa-sun undefined",
                        },
                        "ref": null,
                        "rendered": Array [
                          undefined,
                        ],
                        "type": "i",
                      },
                    ],
                    "type": "div",
                  },
                  Object {
                    "instance": <section
                      class="card-display"
>
                      <h3
                                            class="title"
                      >
                                            <div
                                                                  class="favorite"
                                            >
                                                                  <h3>
                                                                                        FAVORITE
                                                                                        :
                                                                  </h3>
                                                                  <h3 />
                                            </div>
                                            <div
                                                                  class="name"
                                            >
                                                                  <h3>
                                                                                        NAME
                                                                                        :
                                                                  </h3>
                                                                  <h3>
                                                                                        Beru Whitesun lars
                                                                  </h3>
                                            </div>
                                            <div
                                                                  class="homeworld"
                                            >
                                                                  <h3>
                                                                                        HOMEWORLD
                                                                                        :
                                                                  </h3>
                                                                  <h3 />
                                            </div>
                                            <div
                                                                  class="population"
                                            >
                                                                  <h3>
                                                                                        POPULATION
                                                                                        :
                                                                  </h3>
                                                                  <h3 />
                                            </div>
                                            <div
                                                                  class="species"
                                            >
                                                                  <h3>
                                                                                        SPECIES
                                                                                        :
                                                                  </h3>
                                                                  <h3 />
                                            </div>
                      </h3>
</section>,
                    "key": undefined,
                    "nodeType": "host",
                    "props": Object {
                      "children": <h3
                        className="title"
>
                        <div
                                                className="favorite"
                        >
                                                <h3>
                                                                        FAVORITE
                                                                        :
                                                </h3>
                                                <h3 />
                        </div>
                        <div
                                                className="name"
                        >
                                                <h3>
                                                                        NAME
                                                                        :
                                                </h3>
                                                <h3>
                                                                        Beru Whitesun lars
                                                </h3>
                        </div>
                        <div
                                                className="homeworld"
                        >
                                                <h3>
                                                                        HOMEWORLD
                                                                        :
                                                </h3>
                                                <h3 />
                        </div>
                        <div
                                                className="population"
                        >
                                                <h3>
                                                                        POPULATION
                                                                        :
                                                </h3>
                                                <h3 />
                        </div>
                        <div
                                                className="species"
                        >
                                                <h3>
                                                                        SPECIES
                                                                        :
                                                </h3>
                                                <h3 />
                        </div>
</h3>,
                      "className": "card-display",
                    },
                    "ref": null,
                    "rendered": Array [
                      Object {
                        "instance": <h3
                          class="title"
>
                          <div
                                                    class="favorite"
                          >
                                                    <h3>
                                                                              FAVORITE
                                                                              :
                                                    </h3>
                                                    <h3 />
                          </div>
                          <div
                                                    class="name"
                          >
                                                    <h3>
                                                                              NAME
                                                                              :
                                                    </h3>
                                                    <h3>
                                                                              Beru Whitesun lars
                                                    </h3>
                          </div>
                          <div
                                                    class="homeworld"
                          >
                                                    <h3>
                                                                              HOMEWORLD
                                                                              :
                                                    </h3>
                                                    <h3 />
                          </div>
                          <div
                                                    class="population"
                          >
                                                    <h3>
                                                                              POPULATION
                                                                              :
                                                    </h3>
                                                    <h3 />
                          </div>
                          <div
                                                    class="species"
                          >
                                                    <h3>
                                                                              SPECIES
                                                                              :
                                                    </h3>
                                                    <h3 />
                          </div>
</h3>,
                        "key": undefined,
                        "nodeType": "host",
                        "props": Object {
                          "children": Array [
                            <div
                              className="favorite"
>
                              <h3>
                                                            FAVORITE
                                                            :
                              </h3>
                              <h3 />
</div>,
                            <div
                              className="name"
>
                              <h3>
                                                            NAME
                                                            :
                              </h3>
                              <h3>
                                                            Beru Whitesun lars
                              </h3>
</div>,
                            <div
                              className="homeworld"
>
                              <h3>
                                                            HOMEWORLD
                                                            :
                              </h3>
                              <h3 />
</div>,
                            <div
                              className="population"
>
                              <h3>
                                                            POPULATION
                                                            :
                              </h3>
                              <h3 />
</div>,
                            <div
                              className="species"
>
                              <h3>
                                                            SPECIES
                                                            :
                              </h3>
                              <h3 />
</div>,
                          ],
                          "className": "title",
                        },
                        "ref": null,
                        "rendered": Array [
                          Object {
                            "instance": <div
                              class="favorite"
>
                              <h3>
                                                            FAVORITE
                                                            :
                              </h3>
                              <h3 />
</div>,
                            "key": "0",
                            "nodeType": "host",
                            "props": Object {
                              "children": Array [
                                <h3>
                                  FAVORITE
                                  :
</h3>,
                                <h3 />,
                              ],
                              "className": "favorite",
                            },
                            "ref": null,
                            "rendered": Array [
                              Object {
                                "instance": <h3>
                                  FAVORITE
                                  :
</h3>,
                                "key": "favorite-0",
                                "nodeType": "host",
                                "props": Object {
                                  "children": Array [
                                    "FAVORITE",
                                    ":",
                                  ],
                                },
                                "ref": null,
                                "rendered": Array [
                                  "FAVORITE",
                                  ":",
                                ],
                                "type": "h3",
                              },
                              Object {
                                "instance": <h3 />,
                                "key": "false-0",
                                "nodeType": "host",
                                "props": Object {
                                  "children": false,
                                },
                                "ref": null,
                                "rendered": Array [
                                  false,
                                ],
                                "type": "h3",
                              },
                            ],
                            "type": "div",
                          },
                          Object {
                            "instance": <div
                              class="name"
>
                              <h3>
                                                            NAME
                                                            :
                              </h3>
                              <h3>
                                                            Beru Whitesun lars
                              </h3>
</div>,
                            "key": "1",
                            "nodeType": "host",
                            "props": Object {
                              "children": Array [
                                <h3>
                                  NAME
                                  :
</h3>,
                                <h3>
                                  Beru Whitesun lars
</h3>,
                              ],
                              "className": "name",
                            },
                            "ref": null,
                            "rendered": Array [
                              Object {
                                "instance": <h3>
                                  NAME
                                  :
</h3>,
                                "key": "name-1",
                                "nodeType": "host",
                                "props": Object {
                                  "children": Array [
                                    "NAME",
                                    ":",
                                  ],
                                },
                                "ref": null,
                                "rendered": Array [
                                  "NAME",
                                  ":",
                                ],
                                "type": "h3",
                              },
                              Object {
                                "instance": <h3>
                                  Beru Whitesun lars
</h3>,
                                "key": "Beru Whitesun lars-1",
                                "nodeType": "host",
                                "props": Object {
                                  "children": "Beru Whitesun lars",
                                },
                                "ref": null,
                                "rendered": Array [
                                  "Beru Whitesun lars",
                                ],
                                "type": "h3",
                              },
                            ],
                            "type": "div",
                          },
                          Object {
                            "instance": <div
                              class="homeworld"
>
                              <h3>
                                                            HOMEWORLD
                                                            :
                              </h3>
                              <h3 />
</div>,
                            "key": "2",
                            "nodeType": "host",
                            "props": Object {
                              "children": Array [
                                <h3>
                                  HOMEWORLD
                                  :
</h3>,
                                <h3 />,
                              ],
                              "className": "homeworld",
                            },
                            "ref": null,
                            "rendered": Array [
                              Object {
                                "instance": <h3>
                                  HOMEWORLD
                                  :
</h3>,
                                "key": "homeworld-2",
                                "nodeType": "host",
                                "props": Object {
                                  "children": Array [
                                    "HOMEWORLD",
                                    ":",
                                  ],
                                },
                                "ref": null,
                                "rendered": Array [
                                  "HOMEWORLD",
                                  ":",
                                ],
                                "type": "h3",
                              },
                              Object {
                                "instance": <h3 />,
                                "key": "undefined-2",
                                "nodeType": "host",
                                "props": Object {
                                  "children": undefined,
                                },
                                "ref": null,
                                "rendered": Array [
                                  undefined,
                                ],
                                "type": "h3",
                              },
                            ],
                            "type": "div",
                          },
                          Object {
                            "instance": <div
                              class="population"
>
                              <h3>
                                                            POPULATION
                                                            :
                              </h3>
                              <h3 />
</div>,
                            "key": "3",
                            "nodeType": "host",
                            "props": Object {
                              "children": Array [
                                <h3>
                                  POPULATION
                                  :
</h3>,
                                <h3 />,
                              ],
                              "className": "population",
                            },
                            "ref": null,
                            "rendered": Array [
                              Object {
                                "instance": <h3>
                                  POPULATION
                                  :
</h3>,
                                "key": "population-3",
                                "nodeType": "host",
                                "props": Object {
                                  "children": Array [
                                    "POPULATION",
                                    ":",
                                  ],
                                },
                                "ref": null,
                                "rendered": Array [
                                  "POPULATION",
                                  ":",
                                ],
                                "type": "h3",
                              },
                              Object {
                                "instance": <h3 />,
                                "key": "undefined-3",
                                "nodeType": "host",
                                "props": Object {
                                  "children": undefined,
                                },
                                "ref": null,
                                "rendered": Array [
                                  undefined,
                                ],
                                "type": "h3",
                              },
                            ],
                            "type": "div",
                          },
                          Object {
                            "instance": <div
                              class="species"
>
                              <h3>
                                                            SPECIES
                                                            :
                              </h3>
                              <h3 />
</div>,
                            "key": "4",
                            "nodeType": "host",
                            "props": Object {
                              "children": Array [
                                <h3>
                                  SPECIES
                                  :
</h3>,
                                <h3 />,
                              ],
                              "className": "species",
                            },
                            "ref": null,
                            "rendered": Array [
                              Object {
                                "instance": <h3>
                                  SPECIES
                                  :
</h3>,
                                "key": "species-4",
                                "nodeType": "host",
                                "props": Object {
                                  "children": Array [
                                    "SPECIES",
                                    ":",
                                  ],
                                },
                                "ref": null,
                                "rendered": Array [
                                  "SPECIES",
                                  ":",
                                ],
                                "type": "h3",
                              },
                              Object {
                                "instance": <h3 />,
                                "key": "undefined-4",
                                "nodeType": "host",
                                "props": Object {
                                  "children": undefined,
                                },
                                "ref": null,
                                "rendered": Array [
                                  undefined,
                                ],
                                "type": "h3",
                              },
                            ],
                            "type": "div",
                          },
                        ],
                        "type": "h3",
                      },
                    ],
                    "type": "section",
                  },
                ],
                "type": "article",
              },
              "type": [Function],
            },
          ],
          "type": "section",
        },
      ],
      "type": "article",
    },
    "type": [Function],
  },
  Symbol(enzyme.__nodes__): Array [
    Object {
      "instance": null,
      "key": undefined,
      "nodeType": "function",
      "props": Object {
        "favorites": Array [
          Object {
            "climate": "temperate, arid",
            "favorite": true,
            "name": "Geonosis",
            "population": "100000000000",
            "residents": Array [
              undefined,
            ],
            "terrain": "rock, desert, mountain, barren",
          },
        ],
        "peopleData": Array [
          Object {
            "favorite": false,
            "homeworld": undefined,
            "name": "Beru Whitesun lars",
            "population": undefined,
            "species": undefined,
          },
        ],
        "planetData": Array [
          Object {
            "climate": "temperate, arid",
            "favorite": false,
            "name": "Geonosis",
            "population": "100000000000",
            "residents": Array [
              undefined,
            ],
            "terrain": "rock, desert, mountain, barren",
          },
        ],
        "source": "people",
        "vehicleData": Array [
          Object {
            "class": undefined,
            "favorite": false,
            "model": "Modified Luxury Sail Barge",
            "name": "Sail barge",
            "passengers": "500",
          },
        ],
      },
      "ref": null,
      "rendered": Object {
        "instance": <article
          class="card-container"
>
          <h3
                    class="card-header"
          >
                    PEOPLE
                    CARDS
          </h3>
          <section
                    class="card-wrap"
          >
                    <article
                              class="card"
                    >
                              <div
                                        class="fav-icon"
                              >
                                        <i
                                                  class="fas fa-sun undefined"
                                        />
                              </div>
                              <section
                                        class="card-display"
                              >
                                        <h3
                                                  class="title"
                                        >
                                                  <div
                                                            class="favorite"
                                                  >
                                                            <h3>
                                                                      FAVORITE
                                                                      :
                                                            </h3>
                                                            <h3 />
                                                  </div>
                                                  <div
                                                            class="name"
                                                  >
                                                            <h3>
                                                                      NAME
                                                                      :
                                                            </h3>
                                                            <h3>
                                                                      Beru Whitesun lars
                                                            </h3>
                                                  </div>
                                                  <div
                                                            class="homeworld"
                                                  >
                                                            <h3>
                                                                      HOMEWORLD
                                                                      :
                                                            </h3>
                                                            <h3 />
                                                  </div>
                                                  <div
                                                            class="population"
                                                  >
                                                            <h3>
                                                                      POPULATION
                                                                      :
                                                            </h3>
                                                            <h3 />
                                                  </div>
                                                  <div
                                                            class="species"
                                                  >
                                                            <h3>
                                                                      SPECIES
                                                                      :
                                                            </h3>
                                                            <h3 />
                                                  </div>
                                        </h3>
                              </section>
                    </article>
          </section>
</article>,
        "key": undefined,
        "nodeType": "host",
        "props": Object {
          "children": Array [
            <h3
              className="card-header"
>
              PEOPLE
               CARDS
</h3>,
            <section
              className="card-wrap"
>
              <Card
                            data={
                                          Object {
                                                        "favorite": false,
                                                        "homeworld": undefined,
                                                        "name": "Beru Whitesun lars",
                                                        "population": undefined,
                                                        "species": undefined,
                                                      }
                            }
                            handleClick={undefined}
                            isFavorite={undefined}
              />
</section>,
          ],
          "className": "card-container",
        },
        "ref": null,
        "rendered": Array [
          Object {
            "instance": <h3
              class="card-header"
>
              PEOPLE
              CARDS
</h3>,
            "key": undefined,
            "nodeType": "host",
            "props": Object {
              "children": Array [
                "PEOPLE",
                " CARDS",
              ],
              "className": "card-header",
            },
            "ref": null,
            "rendered": Array [
              "PEOPLE",
              " CARDS",
            ],
            "type": "h3",
          },
          Object {
            "instance": <section
              class="card-wrap"
>
              <article
                            class="card"
              >
                            <div
                                          class="fav-icon"
                            >
                                          <i
                                                        class="fas fa-sun undefined"
                                          />
                            </div>
                            <section
                                          class="card-display"
                            >
                                          <h3
                                                        class="title"
                                          >
                                                        <div
                                                                      class="favorite"
                                                        >
                                                                      <h3>
                                                                                    FAVORITE
                                                                                    :
                                                                      </h3>
                                                                      <h3 />
                                                        </div>
                                                        <div
                                                                      class="name"
                                                        >
                                                                      <h3>
                                                                                    NAME
                                                                                    :
                                                                      </h3>
                                                                      <h3>
                                                                                    Beru Whitesun lars
                                                                      </h3>
                                                        </div>
                                                        <div
                                                                      class="homeworld"
                                                        >
                                                                      <h3>
                                                                                    HOMEWORLD
                                                                                    :
                                                                      </h3>
                                                                      <h3 />
                                                        </div>
                                                        <div
                                                                      class="population"
                                                        >
                                                                      <h3>
                                                                                    POPULATION
                                                                                    :
                                                                      </h3>
                                                                      <h3 />
                                                        </div>
                                                        <div
                                                                      class="species"
                                                        >
                                                                      <h3>
                                                                                    SPECIES
                                                                                    :
                                                                      </h3>
                                                                      <h3 />
                                                        </div>
                                          </h3>
                            </section>
              </article>
</section>,
            "key": undefined,
            "nodeType": "host",
            "props": Object {
              "children": Array [
                <Card
                  data={
                                    Object {
                                                      "favorite": false,
                                                      "homeworld": undefined,
                                                      "name": "Beru Whitesun lars",
                                                      "population": undefined,
                                                      "species": undefined,
                                                    }
                  }
                  handleClick={undefined}
                  isFavorite={undefined}
/>,
              ],
              "className": "card-wrap",
            },
            "ref": null,
            "rendered": Array [
              Object {
                "instance": null,
                "key": "0",
                "nodeType": "function",
                "props": Object {
                  "data": Object {
                    "favorite": false,
                    "homeworld": undefined,
                    "name": "Beru Whitesun lars",
                    "population": undefined,
                    "species": undefined,
                  },
                  "handleClick": undefined,
                  "isFavorite": undefined,
                },
                "ref": null,
                "rendered": Object {
                  "instance": <article
                    class="card"
>
                    <div
                                        class="fav-icon"
                    >
                                        <i
                                                            class="fas fa-sun undefined"
                                        />
                    </div>
                    <section
                                        class="card-display"
                    >
                                        <h3
                                                            class="title"
                                        >
                                                            <div
                                                                                class="favorite"
                                                            >
                                                                                <h3>
                                                                                                    FAVORITE
                                                                                                    :
                                                                                </h3>
                                                                                <h3 />
                                                            </div>
                                                            <div
                                                                                class="name"
                                                            >
                                                                                <h3>
                                                                                                    NAME
                                                                                                    :
                                                                                </h3>
                                                                                <h3>
                                                                                                    Beru Whitesun lars
                                                                                </h3>
                                                            </div>
                                                            <div
                                                                                class="homeworld"
                                                            >
                                                                                <h3>
                                                                                                    HOMEWORLD
                                                                                                    :
                                                                                </h3>
                                                                                <h3 />
                                                            </div>
                                                            <div
                                                                                class="population"
                                                            >
                                                                                <h3>
                                                                                                    POPULATION
                                                                                                    :
                                                                                </h3>
                                                                                <h3 />
                                                            </div>
                                                            <div
                                                                                class="species"
                                                            >
                                                                                <h3>
                                                                                                    SPECIES
                                                                                                    :
                                                                                </h3>
                                                                                <h3 />
                                                            </div>
                                        </h3>
                    </section>
</article>,
                  "key": undefined,
                  "nodeType": "host",
                  "props": Object {
                    "children": Array [
                      <div
                        className="fav-icon"
                        onClick={[Function]}
>
                        <i
                                                className="fas fa-sun undefined"
                        />
</div>,
                      <section
                        className="card-display"
>
                        <h3
                                                className="title"
                        >
                                                <div
                                                                        className="favorite"
                                                >
                                                                        <h3>
                                                                                                FAVORITE
                                                                                                :
                                                                        </h3>
                                                                        <h3 />
                                                </div>
                                                <div
                                                                        className="name"
                                                >
                                                                        <h3>
                                                                                                NAME
                                                                                                :
                                                                        </h3>
                                                                        <h3>
                                                                                                Beru Whitesun lars
                                                                        </h3>
                                                </div>
                                                <div
                                                                        className="homeworld"
                                                >
                                                                        <h3>
                                                                                                HOMEWORLD
                                                                                                :
                                                                        </h3>
                                                                        <h3 />
                                                </div>
                                                <div
                                                                        className="population"
                                                >
                                                                        <h3>
                                                                                                POPULATION
                                                                                                :
                                                                        </h3>
                                                                        <h3 />
                                                </div>
                                                <div
                                                                        className="species"
                                                >
                                                                        <h3>
                                                                                                SPECIES
                                                                                                :
                                                                        </h3>
                                                                        <h3 />
                                                </div>
                        </h3>
</section>,
                    ],
                    "className": "card",
                  },
                  "ref": null,
                  "rendered": Array [
                    Object {
                      "instance": <div
                        class="fav-icon"
>
                        <i
                                                class="fas fa-sun undefined"
                        />
</div>,
                      "key": undefined,
                      "nodeType": "host",
                      "props": Object {
                        "children": <i
                          className="fas fa-sun undefined"
/>,
                        "className": "fav-icon",
                        "onClick": [Function],
                      },
                      "ref": null,
                      "rendered": Array [
                        Object {
                          "instance": <i
                            class="fas fa-sun undefined"
/>,
                          "key": undefined,
                          "nodeType": "host",
                          "props": Object {
                            "className": "fas fa-sun undefined",
                          },
                          "ref": null,
                          "rendered": Array [
                            undefined,
                          ],
                          "type": "i",
                        },
                      ],
                      "type": "div",
                    },
                    Object {
                      "instance": <section
                        class="card-display"
>
                        <h3
                                                class="title"
                        >
                                                <div
                                                                        class="favorite"
                                                >
                                                                        <h3>
                                                                                                FAVORITE
                                                                                                :
                                                                        </h3>
                                                                        <h3 />
                                                </div>
                                                <div
                                                                        class="name"
                                                >
                                                                        <h3>
                                                                                                NAME
                                                                                                :
                                                                        </h3>
                                                                        <h3>
                                                                                                Beru Whitesun lars
                                                                        </h3>
                                                </div>
                                                <div
                                                                        class="homeworld"
                                                >
                                                                        <h3>
                                                                                                HOMEWORLD
                                                                                                :
                                                                        </h3>
                                                                        <h3 />
                                                </div>
                                                <div
                                                                        class="population"
                                                >
                                                                        <h3>
                                                                                                POPULATION
                                                                                                :
                                                                        </h3>
                                                                        <h3 />
                                                </div>
                                                <div
                                                                        class="species"
                                                >
                                                                        <h3>
                                                                                                SPECIES
                                                                                                :
                                                                        </h3>
                                                                        <h3 />
                                                </div>
                        </h3>
</section>,
                      "key": undefined,
                      "nodeType": "host",
                      "props": Object {
                        "children": <h3
                          className="title"
>
                          <div
                                                    className="favorite"
                          >
                                                    <h3>
                                                                              FAVORITE
                                                                              :
                                                    </h3>
                                                    <h3 />
                          </div>
                          <div
                                                    className="name"
                          >
                                                    <h3>
                                                                              NAME
                                                                              :
                                                    </h3>
                                                    <h3>
                                                                              Beru Whitesun lars
                                                    </h3>
                          </div>
                          <div
                                                    className="homeworld"
                          >
                                                    <h3>
                                                                              HOMEWORLD
                                                                              :
                                                    </h3>
                                                    <h3 />
                          </div>
                          <div
                                                    className="population"
                          >
                                                    <h3>
                                                                              POPULATION
                                                                              :
                                                    </h3>
                                                    <h3 />
                          </div>
                          <div
                                                    className="species"
                          >
                                                    <h3>
                                                                              SPECIES
                                                                              :
                                                    </h3>
                                                    <h3 />
                          </div>
</h3>,
                        "className": "card-display",
                      },
                      "ref": null,
                      "rendered": Array [
                        Object {
                          "instance": <h3
                            class="title"
>
                            <div
                                                        class="favorite"
                            >
                                                        <h3>
                                                                                    FAVORITE
                                                                                    :
                                                        </h3>
                                                        <h3 />
                            </div>
                            <div
                                                        class="name"
                            >
                                                        <h3>
                                                                                    NAME
                                                                                    :
                                                        </h3>
                                                        <h3>
                                                                                    Beru Whitesun lars
                                                        </h3>
                            </div>
                            <div
                                                        class="homeworld"
                            >
                                                        <h3>
                                                                                    HOMEWORLD
                                                                                    :
                                                        </h3>
                                                        <h3 />
                            </div>
                            <div
                                                        class="population"
                            >
                                                        <h3>
                                                                                    POPULATION
                                                                                    :
                                                        </h3>
                                                        <h3 />
                            </div>
                            <div
                                                        class="species"
                            >
                                                        <h3>
                                                                                    SPECIES
                                                                                    :
                                                        </h3>
                                                        <h3 />
                            </div>
</h3>,
                          "key": undefined,
                          "nodeType": "host",
                          "props": Object {
                            "children": Array [
                              <div
                                className="favorite"
>
                                <h3>
                                                                FAVORITE
                                                                :
                                </h3>
                                <h3 />
</div>,
                              <div
                                className="name"
>
                                <h3>
                                                                NAME
                                                                :
                                </h3>
                                <h3>
                                                                Beru Whitesun lars
                                </h3>
</div>,
                              <div
                                className="homeworld"
>
                                <h3>
                                                                HOMEWORLD
                                                                :
                                </h3>
                                <h3 />
</div>,
                              <div
                                className="population"
>
                                <h3>
                                                                POPULATION
                                                                :
                                </h3>
                                <h3 />
</div>,
                              <div
                                className="species"
>
                                <h3>
                                                                SPECIES
                                                                :
                                </h3>
                                <h3 />
</div>,
                            ],
                            "className": "title",
                          },
                          "ref": null,
                          "rendered": Array [
                            Object {
                              "instance": <div
                                class="favorite"
>
                                <h3>
                                                                FAVORITE
                                                                :
                                </h3>
                                <h3 />
</div>,
                              "key": "0",
                              "nodeType": "host",
                              "props": Object {
                                "children": Array [
                                  <h3>
                                    FAVORITE
                                    :
</h3>,
                                  <h3 />,
                                ],
                                "className": "favorite",
                              },
                              "ref": null,
                              "rendered": Array [
                                Object {
                                  "instance": <h3>
                                    FAVORITE
                                    :
</h3>,
                                  "key": "favorite-0",
                                  "nodeType": "host",
                                  "props": Object {
                                    "children": Array [
                                      "FAVORITE",
                                      ":",
                                    ],
                                  },
                                  "ref": null,
                                  "rendered": Array [
                                    "FAVORITE",
                                    ":",
                                  ],
                                  "type": "h3",
                                },
                                Object {
                                  "instance": <h3 />,
                                  "key": "false-0",
                                  "nodeType": "host",
                                  "props": Object {
                                    "children": false,
                                  },
                                  "ref": null,
                                  "rendered": Array [
                                    false,
                                  ],
                                  "type": "h3",
                                },
                              ],
                              "type": "div",
                            },
                            Object {
                              "instance": <div
                                class="name"
>
                                <h3>
                                                                NAME
                                                                :
                                </h3>
                                <h3>
                                                                Beru Whitesun lars
                                </h3>
</div>,
                              "key": "1",
                              "nodeType": "host",
                              "props": Object {
                                "children": Array [
                                  <h3>
                                    NAME
                                    :
</h3>,
                                  <h3>
                                    Beru Whitesun lars
</h3>,
                                ],
                                "className": "name",
                              },
                              "ref": null,
                              "rendered": Array [
                                Object {
                                  "instance": <h3>
                                    NAME
                                    :
</h3>,
                                  "key": "name-1",
                                  "nodeType": "host",
                                  "props": Object {
                                    "children": Array [
                                      "NAME",
                                      ":",
                                    ],
                                  },
                                  "ref": null,
                                  "rendered": Array [
                                    "NAME",
                                    ":",
                                  ],
                                  "type": "h3",
                                },
                                Object {
                                  "instance": <h3>
                                    Beru Whitesun lars
</h3>,
                                  "key": "Beru Whitesun lars-1",
                                  "nodeType": "host",
                                  "props": Object {
                                    "children": "Beru Whitesun lars",
                                  },
                                  "ref": null,
                                  "rendered": Array [
                                    "Beru Whitesun lars",
                                  ],
                                  "type": "h3",
                                },
                              ],
                              "type": "div",
                            },
                            Object {
                              "instance": <div
                                class="homeworld"
>
                                <h3>
                                                                HOMEWORLD
                                                                :
                                </h3>
                                <h3 />
</div>,
                              "key": "2",
                              "nodeType": "host",
                              "props": Object {
                                "children": Array [
                                  <h3>
                                    HOMEWORLD
                                    :
</h3>,
                                  <h3 />,
                                ],
                                "className": "homeworld",
                              },
                              "ref": null,
                              "rendered": Array [
                                Object {
                                  "instance": <h3>
                                    HOMEWORLD
                                    :
</h3>,
                                  "key": "homeworld-2",
                                  "nodeType": "host",
                                  "props": Object {
                                    "children": Array [
                                      "HOMEWORLD",
                                      ":",
                                    ],
                                  },
                                  "ref": null,
                                  "rendered": Array [
                                    "HOMEWORLD",
                                    ":",
                                  ],
                                  "type": "h3",
                                },
                                Object {
                                  "instance": <h3 />,
                                  "key": "undefined-2",
                                  "nodeType": "host",
                                  "props": Object {
                                    "children": undefined,
                                  },
                                  "ref": null,
                                  "rendered": Array [
                                    undefined,
                                  ],
                                  "type": "h3",
                                },
                              ],
                              "type": "div",
                            },
                            Object {
                              "instance": <div
                                class="population"
>
                                <h3>
                                                                POPULATION
                                                                :
                                </h3>
                                <h3 />
</div>,
                              "key": "3",
                              "nodeType": "host",
                              "props": Object {
                                "children": Array [
                                  <h3>
                                    POPULATION
                                    :
</h3>,
                                  <h3 />,
                                ],
                                "className": "population",
                              },
                              "ref": null,
                              "rendered": Array [
                                Object {
                                  "instance": <h3>
                                    POPULATION
                                    :
</h3>,
                                  "key": "population-3",
                                  "nodeType": "host",
                                  "props": Object {
                                    "children": Array [
                                      "POPULATION",
                                      ":",
                                    ],
                                  },
                                  "ref": null,
                                  "rendered": Array [
                                    "POPULATION",
                                    ":",
                                  ],
                                  "type": "h3",
                                },
                                Object {
                                  "instance": <h3 />,
                                  "key": "undefined-3",
                                  "nodeType": "host",
                                  "props": Object {
                                    "children": undefined,
                                  },
                                  "ref": null,
                                  "rendered": Array [
                                    undefined,
                                  ],
                                  "type": "h3",
                                },
                              ],
                              "type": "div",
                            },
                            Object {
                              "instance": <div
                                class="species"
>
                                <h3>
                                                                SPECIES
                                                                :
                                </h3>
                                <h3 />
</div>,
                              "key": "4",
                              "nodeType": "host",
                              "props": Object {
                                "children": Array [
                                  <h3>
                                    SPECIES
                                    :
</h3>,
                                  <h3 />,
                                ],
                                "className": "species",
                              },
                              "ref": null,
                              "rendered": Array [
                                Object {
                                  "instance": <h3>
                                    SPECIES
                                    :
</h3>,
                                  "key": "species-4",
                                  "nodeType": "host",
                                  "props": Object {
                                    "children": Array [
                                      "SPECIES",
                                      ":",
                                    ],
                                  },
                                  "ref": null,
                                  "rendered": Array [
                                    "SPECIES",
                                    ":",
                                  ],
                                  "type": "h3",
                                },
                                Object {
                                  "instance": <h3 />,
                                  "key": "undefined-4",
                                  "nodeType": "host",
                                  "props": Object {
                                    "children": undefined,
                                  },
                                  "ref": null,
                                  "rendered": Array [
                                    undefined,
                                  ],
                                  "type": "h3",
                                },
                              ],
                              "type": "div",
                            },
                          ],
                          "type": "h3",
                        },
                      ],
                      "type": "section",
                    },
                  ],
                  "type": "article",
                },
                "type": [Function],
              },
            ],
            "type": "section",
          },
        ],
        "type": "article",
      },
      "type": [Function],
    },
  ],
  Symbol(enzyme.__options__): Object {
    "adapter": ReactSixteenAdapter {
      "options": Object {
        "enableComponentDidUpdateOnSetState": true,
      },
    },
  },
}
`;
