// Jest Snapshot v1, https://goo.gl/fbAQLP

exports[`CardContainer should match the snapshot 1`] = `
ReactWrapper {
  "length": 1,
  Symbol(enzyme.__unrendered__): <CardContainer
    favorites={
        Array [
            Object {
              "climate": "temperate, arid",
              "name": "Geonosis",
              "population": "100000000000",
              "residents": Array [
                undefined,
              ],
              "terrain": "rock, desert, mountain, barren",
            },
          ]
    }
    peopleData={
        Array [
            Object {
              "homeworld": undefined,
              "name": "Beru Whitesun lars",
              "population": undefined,
              "species": undefined,
            },
          ]
    }
    planetData={
        Array [
            Object {
              "climate": "temperate, arid",
              "name": "Geonosis",
              "population": "100000000000",
              "residents": Array [
                undefined,
              ],
              "terrain": "rock, desert, mountain, barren",
            },
          ]
    }
    source="people"
    vehicleData={
        Array [
            Object {
              "class": undefined,
              "model": "Modified Luxury Sail Barge",
              "name": "Sail barge",
              "passengers": "500",
            },
          ]
    }
/>,
  Symbol(enzyme.__renderer__): Object {
    "batchedUpdates": [Function],
    "getNode": [Function],
    "render": [Function],
    "simulateEvent": [Function],
    "unmount": [Function],
  },
  Symbol(enzyme.__root__): [Circular],
  Symbol(enzyme.__node__): Object {
    "instance": null,
    "key": undefined,
    "nodeType": "function",
    "props": Object {
      "favorites": Array [
        Object {
          "climate": "temperate, arid",
          "name": "Geonosis",
          "population": "100000000000",
          "residents": Array [
            undefined,
          ],
          "terrain": "rock, desert, mountain, barren",
        },
      ],
      "peopleData": Array [
        Object {
          "homeworld": undefined,
          "name": "Beru Whitesun lars",
          "population": undefined,
          "species": undefined,
        },
      ],
      "planetData": Array [
        Object {
          "climate": "temperate, arid",
          "name": "Geonosis",
          "population": "100000000000",
          "residents": Array [
            undefined,
          ],
          "terrain": "rock, desert, mountain, barren",
        },
      ],
      "source": "people",
      "vehicleData": Array [
        Object {
          "class": undefined,
          "model": "Modified Luxury Sail Barge",
          "name": "Sail barge",
          "passengers": "500",
        },
      ],
    },
    "ref": null,
    "rendered": Object {
      "instance": <article
        class="card-container"
>
        <h3
                class="card-header"
        >
                Card Container
        </h3>
        <section
                class="card-wrap"
        >
                <article
                        class="card"
                >
                        <p>
                                <i
                                        class="fas fa-sun"
                                />
                        </p>
                        <section
                                class="card-display"
                        >
                                <h3
                                        class="title"
                                >
                                        <h3
                                                class="title name"
                                        >
                                                name
                                        </h3>
                                        <h3
                                                class="title homeworld"
                                        >
                                                homeworld
                                        </h3>
                                        <h3
                                                class="title population"
                                        >
                                                population
                                        </h3>
                                        <h3
                                                class="title species"
                                        >
                                                species
                                        </h3>
                                </h3>
                                <h3
                                        class="value"
                                >
                                        <h3
                                                class="value Beru Whitesun lars"
                                        >
                                                Beru Whitesun lars
                                        </h3>
                                        <h3
                                                class="value undefined"
                                        />
                                        <h3
                                                class="value undefined"
                                        />
                                        <h3
                                                class="value undefined"
                                        />
                                </h3>
                        </section>
                </article>
        </section>
</article>,
      "key": undefined,
      "nodeType": "host",
      "props": Object {
        "children": Array [
          <h3
            className="card-header"
>
            Card Container
</h3>,
          <section
            className="card-wrap"
>
            <Card
                        data={
                                    Object {
                                                "homeworld": undefined,
                                                "name": "Beru Whitesun lars",
                                                "population": undefined,
                                                "species": undefined,
                                              }
                        }
                        handleClick={undefined}
            />
</section>,
        ],
        "className": "card-container",
      },
      "ref": null,
      "rendered": Array [
        Object {
          "instance": <h3
            class="card-header"
>
            Card Container
</h3>,
          "key": undefined,
          "nodeType": "host",
          "props": Object {
            "children": "Card Container",
            "className": "card-header",
          },
          "ref": null,
          "rendered": Array [
            "Card Container",
          ],
          "type": "h3",
        },
        Object {
          "instance": <section
            class="card-wrap"
>
            <article
                        class="card"
            >
                        <p>
                                    <i
                                                class="fas fa-sun"
                                    />
                        </p>
                        <section
                                    class="card-display"
                        >
                                    <h3
                                                class="title"
                                    >
                                                <h3
                                                            class="title name"
                                                >
                                                            name
                                                </h3>
                                                <h3
                                                            class="title homeworld"
                                                >
                                                            homeworld
                                                </h3>
                                                <h3
                                                            class="title population"
                                                >
                                                            population
                                                </h3>
                                                <h3
                                                            class="title species"
                                                >
                                                            species
                                                </h3>
                                    </h3>
                                    <h3
                                                class="value"
                                    >
                                                <h3
                                                            class="value Beru Whitesun lars"
                                                >
                                                            Beru Whitesun lars
                                                </h3>
                                                <h3
                                                            class="value undefined"
                                                />
                                                <h3
                                                            class="value undefined"
                                                />
                                                <h3
                                                            class="value undefined"
                                                />
                                    </h3>
                        </section>
            </article>
</section>,
          "key": undefined,
          "nodeType": "host",
          "props": Object {
            "children": Array [
              <Card
                data={
                                Object {
                                                "homeworld": undefined,
                                                "name": "Beru Whitesun lars",
                                                "population": undefined,
                                                "species": undefined,
                                              }
                }
                handleClick={undefined}
/>,
            ],
            "className": "card-wrap",
          },
          "ref": null,
          "rendered": Array [
            Object {
              "instance": null,
              "key": undefined,
              "nodeType": "function",
              "props": Object {
                "data": Object {
                  "homeworld": undefined,
                  "name": "Beru Whitesun lars",
                  "population": undefined,
                  "species": undefined,
                },
                "handleClick": undefined,
              },
              "ref": null,
              "rendered": Object {
                "instance": <article
                  class="card"
>
                  <p>
                                    <i
                                                      class="fas fa-sun"
                                    />
                  </p>
                  <section
                                    class="card-display"
                  >
                                    <h3
                                                      class="title"
                                    >
                                                      <h3
                                                                        class="title name"
                                                      >
                                                                        name
                                                      </h3>
                                                      <h3
                                                                        class="title homeworld"
                                                      >
                                                                        homeworld
                                                      </h3>
                                                      <h3
                                                                        class="title population"
                                                      >
                                                                        population
                                                      </h3>
                                                      <h3
                                                                        class="title species"
                                                      >
                                                                        species
                                                      </h3>
                                    </h3>
                                    <h3
                                                      class="value"
                                    >
                                                      <h3
                                                                        class="value Beru Whitesun lars"
                                                      >
                                                                        Beru Whitesun lars
                                                      </h3>
                                                      <h3
                                                                        class="value undefined"
                                                      />
                                                      <h3
                                                                        class="value undefined"
                                                      />
                                                      <h3
                                                                        class="value undefined"
                                                      />
                                    </h3>
                  </section>
</article>,
                "key": undefined,
                "nodeType": "host",
                "props": Object {
                  "children": Array [
                    <p
                      onClick={[Function]}
>
                      <i
                                            class="fas fa-sun"
                      />
</p>,
                    <section
                      className="card-display"
>
                      <h3
                                            className="title"
                      >
                                            <h3
                                                                  className="title name"
                                            >
                                                                  name
                                            </h3>
                                            <h3
                                                                  className="title homeworld"
                                            >
                                                                  homeworld
                                            </h3>
                                            <h3
                                                                  className="title population"
                                            >
                                                                  population
                                            </h3>
                                            <h3
                                                                  className="title species"
                                            >
                                                                  species
                                            </h3>
                      </h3>
                      <h3
                                            className="value"
                      >
                                            <h3
                                                                  className="value Beru Whitesun lars"
                                            >
                                                                  Beru Whitesun lars
                                            </h3>
                                            <h3
                                                                  className="value undefined"
                                            />
                                            <h3
                                                                  className="value undefined"
                                            />
                                            <h3
                                                                  className="value undefined"
                                            />
                      </h3>
</section>,
                  ],
                  "className": "card",
                },
                "ref": null,
                "rendered": Array [
                  Object {
                    "instance": <p>
                      <i
                                            class="fas fa-sun"
                      />
</p>,
                    "key": undefined,
                    "nodeType": "host",
                    "props": Object {
                      "children": <i
                        class="fas fa-sun"
/>,
                      "onClick": [Function],
                    },
                    "ref": null,
                    "rendered": Array [
                      Object {
                        "instance": <i
                          class="fas fa-sun"
/>,
                        "key": undefined,
                        "nodeType": "host",
                        "props": Object {
                          "class": "fas fa-sun",
                        },
                        "ref": null,
                        "rendered": Array [
                          undefined,
                        ],
                        "type": "i",
                      },
                    ],
                    "type": "p",
                  },
                  Object {
                    "instance": <section
                      class="card-display"
>
                      <h3
                                            class="title"
                      >
                                            <h3
                                                                  class="title name"
                                            >
                                                                  name
                                            </h3>
                                            <h3
                                                                  class="title homeworld"
                                            >
                                                                  homeworld
                                            </h3>
                                            <h3
                                                                  class="title population"
                                            >
                                                                  population
                                            </h3>
                                            <h3
                                                                  class="title species"
                                            >
                                                                  species
                                            </h3>
                      </h3>
                      <h3
                                            class="value"
                      >
                                            <h3
                                                                  class="value Beru Whitesun lars"
                                            >
                                                                  Beru Whitesun lars
                                            </h3>
                                            <h3
                                                                  class="value undefined"
                                            />
                                            <h3
                                                                  class="value undefined"
                                            />
                                            <h3
                                                                  class="value undefined"
                                            />
                      </h3>
</section>,
                    "key": undefined,
                    "nodeType": "host",
                    "props": Object {
                      "children": Array [
                        <h3
                          className="title"
>
                          <h3
                                                    className="title name"
                          >
                                                    name
                          </h3>
                          <h3
                                                    className="title homeworld"
                          >
                                                    homeworld
                          </h3>
                          <h3
                                                    className="title population"
                          >
                                                    population
                          </h3>
                          <h3
                                                    className="title species"
                          >
                                                    species
                          </h3>
</h3>,
                        <h3
                          className="value"
>
                          <h3
                                                    className="value Beru Whitesun lars"
                          >
                                                    Beru Whitesun lars
                          </h3>
                          <h3
                                                    className="value undefined"
                          />
                          <h3
                                                    className="value undefined"
                          />
                          <h3
                                                    className="value undefined"
                          />
</h3>,
                      ],
                      "className": "card-display",
                    },
                    "ref": null,
                    "rendered": Array [
                      Object {
                        "instance": <h3
                          class="title"
>
                          <h3
                                                    class="title name"
                          >
                                                    name
                          </h3>
                          <h3
                                                    class="title homeworld"
                          >
                                                    homeworld
                          </h3>
                          <h3
                                                    class="title population"
                          >
                                                    population
                          </h3>
                          <h3
                                                    class="title species"
                          >
                                                    species
                          </h3>
</h3>,
                        "key": undefined,
                        "nodeType": "host",
                        "props": Object {
                          "children": Array [
                            <h3
                              className="title name"
>
                              name
</h3>,
                            <h3
                              className="title homeworld"
>
                              homeworld
</h3>,
                            <h3
                              className="title population"
>
                              population
</h3>,
                            <h3
                              className="title species"
>
                              species
</h3>,
                          ],
                          "className": "title",
                        },
                        "ref": null,
                        "rendered": Array [
                          Object {
                            "instance": <h3
                              class="title name"
>
                              name
</h3>,
                            "key": "0",
                            "nodeType": "host",
                            "props": Object {
                              "children": "name",
                              "className": "title name",
                            },
                            "ref": null,
                            "rendered": Array [
                              "name",
                            ],
                            "type": "h3",
                          },
                          Object {
                            "instance": <h3
                              class="title homeworld"
>
                              homeworld
</h3>,
                            "key": "1",
                            "nodeType": "host",
                            "props": Object {
                              "children": "homeworld",
                              "className": "title homeworld",
                            },
                            "ref": null,
                            "rendered": Array [
                              "homeworld",
                            ],
                            "type": "h3",
                          },
                          Object {
                            "instance": <h3
                              class="title population"
>
                              population
</h3>,
                            "key": "2",
                            "nodeType": "host",
                            "props": Object {
                              "children": "population",
                              "className": "title population",
                            },
                            "ref": null,
                            "rendered": Array [
                              "population",
                            ],
                            "type": "h3",
                          },
                          Object {
                            "instance": <h3
                              class="title species"
>
                              species
</h3>,
                            "key": "3",
                            "nodeType": "host",
                            "props": Object {
                              "children": "species",
                              "className": "title species",
                            },
                            "ref": null,
                            "rendered": Array [
                              "species",
                            ],
                            "type": "h3",
                          },
                        ],
                        "type": "h3",
                      },
                      Object {
                        "instance": <h3
                          class="value"
>
                          <h3
                                                    class="value Beru Whitesun lars"
                          >
                                                    Beru Whitesun lars
                          </h3>
                          <h3
                                                    class="value undefined"
                          />
                          <h3
                                                    class="value undefined"
                          />
                          <h3
                                                    class="value undefined"
                          />
</h3>,
                        "key": undefined,
                        "nodeType": "host",
                        "props": Object {
                          "children": Array [
                            <h3
                              className="value Beru Whitesun lars"
>
                              Beru Whitesun lars
</h3>,
                            <h3
                              className="value undefined"
/>,
                            <h3
                              className="value undefined"
/>,
                            <h3
                              className="value undefined"
/>,
                          ],
                          "className": "value",
                        },
                        "ref": null,
                        "rendered": Array [
                          Object {
                            "instance": <h3
                              class="value Beru Whitesun lars"
>
                              Beru Whitesun lars
</h3>,
                            "key": "0",
                            "nodeType": "host",
                            "props": Object {
                              "children": "Beru Whitesun lars",
                              "className": "value Beru Whitesun lars",
                            },
                            "ref": null,
                            "rendered": Array [
                              "Beru Whitesun lars",
                            ],
                            "type": "h3",
                          },
                          Object {
                            "instance": <h3
                              class="value undefined"
/>,
                            "key": "1",
                            "nodeType": "host",
                            "props": Object {
                              "children": undefined,
                              "className": "value undefined",
                            },
                            "ref": null,
                            "rendered": Array [
                              undefined,
                            ],
                            "type": "h3",
                          },
                          Object {
                            "instance": <h3
                              class="value undefined"
/>,
                            "key": "2",
                            "nodeType": "host",
                            "props": Object {
                              "children": undefined,
                              "className": "value undefined",
                            },
                            "ref": null,
                            "rendered": Array [
                              undefined,
                            ],
                            "type": "h3",
                          },
                          Object {
                            "instance": <h3
                              class="value undefined"
/>,
                            "key": "3",
                            "nodeType": "host",
                            "props": Object {
                              "children": undefined,
                              "className": "value undefined",
                            },
                            "ref": null,
                            "rendered": Array [
                              undefined,
                            ],
                            "type": "h3",
                          },
                        ],
                        "type": "h3",
                      },
                    ],
                    "type": "section",
                  },
                ],
                "type": "article",
              },
              "type": [Function],
            },
          ],
          "type": "section",
        },
      ],
      "type": "article",
    },
    "type": [Function],
  },
  Symbol(enzyme.__nodes__): Array [
    Object {
      "instance": null,
      "key": undefined,
      "nodeType": "function",
      "props": Object {
        "favorites": Array [
          Object {
            "climate": "temperate, arid",
            "name": "Geonosis",
            "population": "100000000000",
            "residents": Array [
              undefined,
            ],
            "terrain": "rock, desert, mountain, barren",
          },
        ],
        "peopleData": Array [
          Object {
            "homeworld": undefined,
            "name": "Beru Whitesun lars",
            "population": undefined,
            "species": undefined,
          },
        ],
        "planetData": Array [
          Object {
            "climate": "temperate, arid",
            "name": "Geonosis",
            "population": "100000000000",
            "residents": Array [
              undefined,
            ],
            "terrain": "rock, desert, mountain, barren",
          },
        ],
        "source": "people",
        "vehicleData": Array [
          Object {
            "class": undefined,
            "model": "Modified Luxury Sail Barge",
            "name": "Sail barge",
            "passengers": "500",
          },
        ],
      },
      "ref": null,
      "rendered": Object {
        "instance": <article
          class="card-container"
>
          <h3
                    class="card-header"
          >
                    Card Container
          </h3>
          <section
                    class="card-wrap"
          >
                    <article
                              class="card"
                    >
                              <p>
                                        <i
                                                  class="fas fa-sun"
                                        />
                              </p>
                              <section
                                        class="card-display"
                              >
                                        <h3
                                                  class="title"
                                        >
                                                  <h3
                                                            class="title name"
                                                  >
                                                            name
                                                  </h3>
                                                  <h3
                                                            class="title homeworld"
                                                  >
                                                            homeworld
                                                  </h3>
                                                  <h3
                                                            class="title population"
                                                  >
                                                            population
                                                  </h3>
                                                  <h3
                                                            class="title species"
                                                  >
                                                            species
                                                  </h3>
                                        </h3>
                                        <h3
                                                  class="value"
                                        >
                                                  <h3
                                                            class="value Beru Whitesun lars"
                                                  >
                                                            Beru Whitesun lars
                                                  </h3>
                                                  <h3
                                                            class="value undefined"
                                                  />
                                                  <h3
                                                            class="value undefined"
                                                  />
                                                  <h3
                                                            class="value undefined"
                                                  />
                                        </h3>
                              </section>
                    </article>
          </section>
</article>,
        "key": undefined,
        "nodeType": "host",
        "props": Object {
          "children": Array [
            <h3
              className="card-header"
>
              Card Container
</h3>,
            <section
              className="card-wrap"
>
              <Card
                            data={
                                          Object {
                                                        "homeworld": undefined,
                                                        "name": "Beru Whitesun lars",
                                                        "population": undefined,
                                                        "species": undefined,
                                                      }
                            }
                            handleClick={undefined}
              />
</section>,
          ],
          "className": "card-container",
        },
        "ref": null,
        "rendered": Array [
          Object {
            "instance": <h3
              class="card-header"
>
              Card Container
</h3>,
            "key": undefined,
            "nodeType": "host",
            "props": Object {
              "children": "Card Container",
              "className": "card-header",
            },
            "ref": null,
            "rendered": Array [
              "Card Container",
            ],
            "type": "h3",
          },
          Object {
            "instance": <section
              class="card-wrap"
>
              <article
                            class="card"
              >
                            <p>
                                          <i
                                                        class="fas fa-sun"
                                          />
                            </p>
                            <section
                                          class="card-display"
                            >
                                          <h3
                                                        class="title"
                                          >
                                                        <h3
                                                                      class="title name"
                                                        >
                                                                      name
                                                        </h3>
                                                        <h3
                                                                      class="title homeworld"
                                                        >
                                                                      homeworld
                                                        </h3>
                                                        <h3
                                                                      class="title population"
                                                        >
                                                                      population
                                                        </h3>
                                                        <h3
                                                                      class="title species"
                                                        >
                                                                      species
                                                        </h3>
                                          </h3>
                                          <h3
                                                        class="value"
                                          >
                                                        <h3
                                                                      class="value Beru Whitesun lars"
                                                        >
                                                                      Beru Whitesun lars
                                                        </h3>
                                                        <h3
                                                                      class="value undefined"
                                                        />
                                                        <h3
                                                                      class="value undefined"
                                                        />
                                                        <h3
                                                                      class="value undefined"
                                                        />
                                          </h3>
                            </section>
              </article>
</section>,
            "key": undefined,
            "nodeType": "host",
            "props": Object {
              "children": Array [
                <Card
                  data={
                                    Object {
                                                      "homeworld": undefined,
                                                      "name": "Beru Whitesun lars",
                                                      "population": undefined,
                                                      "species": undefined,
                                                    }
                  }
                  handleClick={undefined}
/>,
              ],
              "className": "card-wrap",
            },
            "ref": null,
            "rendered": Array [
              Object {
                "instance": null,
                "key": undefined,
                "nodeType": "function",
                "props": Object {
                  "data": Object {
                    "homeworld": undefined,
                    "name": "Beru Whitesun lars",
                    "population": undefined,
                    "species": undefined,
                  },
                  "handleClick": undefined,
                },
                "ref": null,
                "rendered": Object {
                  "instance": <article
                    class="card"
>
                    <p>
                                        <i
                                                            class="fas fa-sun"
                                        />
                    </p>
                    <section
                                        class="card-display"
                    >
                                        <h3
                                                            class="title"
                                        >
                                                            <h3
                                                                                class="title name"
                                                            >
                                                                                name
                                                            </h3>
                                                            <h3
                                                                                class="title homeworld"
                                                            >
                                                                                homeworld
                                                            </h3>
                                                            <h3
                                                                                class="title population"
                                                            >
                                                                                population
                                                            </h3>
                                                            <h3
                                                                                class="title species"
                                                            >
                                                                                species
                                                            </h3>
                                        </h3>
                                        <h3
                                                            class="value"
                                        >
                                                            <h3
                                                                                class="value Beru Whitesun lars"
                                                            >
                                                                                Beru Whitesun lars
                                                            </h3>
                                                            <h3
                                                                                class="value undefined"
                                                            />
                                                            <h3
                                                                                class="value undefined"
                                                            />
                                                            <h3
                                                                                class="value undefined"
                                                            />
                                        </h3>
                    </section>
</article>,
                  "key": undefined,
                  "nodeType": "host",
                  "props": Object {
                    "children": Array [
                      <p
                        onClick={[Function]}
>
                        <i
                                                class="fas fa-sun"
                        />
</p>,
                      <section
                        className="card-display"
>
                        <h3
                                                className="title"
                        >
                                                <h3
                                                                        className="title name"
                                                >
                                                                        name
                                                </h3>
                                                <h3
                                                                        className="title homeworld"
                                                >
                                                                        homeworld
                                                </h3>
                                                <h3
                                                                        className="title population"
                                                >
                                                                        population
                                                </h3>
                                                <h3
                                                                        className="title species"
                                                >
                                                                        species
                                                </h3>
                        </h3>
                        <h3
                                                className="value"
                        >
                                                <h3
                                                                        className="value Beru Whitesun lars"
                                                >
                                                                        Beru Whitesun lars
                                                </h3>
                                                <h3
                                                                        className="value undefined"
                                                />
                                                <h3
                                                                        className="value undefined"
                                                />
                                                <h3
                                                                        className="value undefined"
                                                />
                        </h3>
</section>,
                    ],
                    "className": "card",
                  },
                  "ref": null,
                  "rendered": Array [
                    Object {
                      "instance": <p>
                        <i
                                                class="fas fa-sun"
                        />
</p>,
                      "key": undefined,
                      "nodeType": "host",
                      "props": Object {
                        "children": <i
                          class="fas fa-sun"
/>,
                        "onClick": [Function],
                      },
                      "ref": null,
                      "rendered": Array [
                        Object {
                          "instance": <i
                            class="fas fa-sun"
/>,
                          "key": undefined,
                          "nodeType": "host",
                          "props": Object {
                            "class": "fas fa-sun",
                          },
                          "ref": null,
                          "rendered": Array [
                            undefined,
                          ],
                          "type": "i",
                        },
                      ],
                      "type": "p",
                    },
                    Object {
                      "instance": <section
                        class="card-display"
>
                        <h3
                                                class="title"
                        >
                                                <h3
                                                                        class="title name"
                                                >
                                                                        name
                                                </h3>
                                                <h3
                                                                        class="title homeworld"
                                                >
                                                                        homeworld
                                                </h3>
                                                <h3
                                                                        class="title population"
                                                >
                                                                        population
                                                </h3>
                                                <h3
                                                                        class="title species"
                                                >
                                                                        species
                                                </h3>
                        </h3>
                        <h3
                                                class="value"
                        >
                                                <h3
                                                                        class="value Beru Whitesun lars"
                                                >
                                                                        Beru Whitesun lars
                                                </h3>
                                                <h3
                                                                        class="value undefined"
                                                />
                                                <h3
                                                                        class="value undefined"
                                                />
                                                <h3
                                                                        class="value undefined"
                                                />
                        </h3>
</section>,
                      "key": undefined,
                      "nodeType": "host",
                      "props": Object {
                        "children": Array [
                          <h3
                            className="title"
>
                            <h3
                                                        className="title name"
                            >
                                                        name
                            </h3>
                            <h3
                                                        className="title homeworld"
                            >
                                                        homeworld
                            </h3>
                            <h3
                                                        className="title population"
                            >
                                                        population
                            </h3>
                            <h3
                                                        className="title species"
                            >
                                                        species
                            </h3>
</h3>,
                          <h3
                            className="value"
>
                            <h3
                                                        className="value Beru Whitesun lars"
                            >
                                                        Beru Whitesun lars
                            </h3>
                            <h3
                                                        className="value undefined"
                            />
                            <h3
                                                        className="value undefined"
                            />
                            <h3
                                                        className="value undefined"
                            />
</h3>,
                        ],
                        "className": "card-display",
                      },
                      "ref": null,
                      "rendered": Array [
                        Object {
                          "instance": <h3
                            class="title"
>
                            <h3
                                                        class="title name"
                            >
                                                        name
                            </h3>
                            <h3
                                                        class="title homeworld"
                            >
                                                        homeworld
                            </h3>
                            <h3
                                                        class="title population"
                            >
                                                        population
                            </h3>
                            <h3
                                                        class="title species"
                            >
                                                        species
                            </h3>
</h3>,
                          "key": undefined,
                          "nodeType": "host",
                          "props": Object {
                            "children": Array [
                              <h3
                                className="title name"
>
                                name
</h3>,
                              <h3
                                className="title homeworld"
>
                                homeworld
</h3>,
                              <h3
                                className="title population"
>
                                population
</h3>,
                              <h3
                                className="title species"
>
                                species
</h3>,
                            ],
                            "className": "title",
                          },
                          "ref": null,
                          "rendered": Array [
                            Object {
                              "instance": <h3
                                class="title name"
>
                                name
</h3>,
                              "key": "0",
                              "nodeType": "host",
                              "props": Object {
                                "children": "name",
                                "className": "title name",
                              },
                              "ref": null,
                              "rendered": Array [
                                "name",
                              ],
                              "type": "h3",
                            },
                            Object {
                              "instance": <h3
                                class="title homeworld"
>
                                homeworld
</h3>,
                              "key": "1",
                              "nodeType": "host",
                              "props": Object {
                                "children": "homeworld",
                                "className": "title homeworld",
                              },
                              "ref": null,
                              "rendered": Array [
                                "homeworld",
                              ],
                              "type": "h3",
                            },
                            Object {
                              "instance": <h3
                                class="title population"
>
                                population
</h3>,
                              "key": "2",
                              "nodeType": "host",
                              "props": Object {
                                "children": "population",
                                "className": "title population",
                              },
                              "ref": null,
                              "rendered": Array [
                                "population",
                              ],
                              "type": "h3",
                            },
                            Object {
                              "instance": <h3
                                class="title species"
>
                                species
</h3>,
                              "key": "3",
                              "nodeType": "host",
                              "props": Object {
                                "children": "species",
                                "className": "title species",
                              },
                              "ref": null,
                              "rendered": Array [
                                "species",
                              ],
                              "type": "h3",
                            },
                          ],
                          "type": "h3",
                        },
                        Object {
                          "instance": <h3
                            class="value"
>
                            <h3
                                                        class="value Beru Whitesun lars"
                            >
                                                        Beru Whitesun lars
                            </h3>
                            <h3
                                                        class="value undefined"
                            />
                            <h3
                                                        class="value undefined"
                            />
                            <h3
                                                        class="value undefined"
                            />
</h3>,
                          "key": undefined,
                          "nodeType": "host",
                          "props": Object {
                            "children": Array [
                              <h3
                                className="value Beru Whitesun lars"
>
                                Beru Whitesun lars
</h3>,
                              <h3
                                className="value undefined"
/>,
                              <h3
                                className="value undefined"
/>,
                              <h3
                                className="value undefined"
/>,
                            ],
                            "className": "value",
                          },
                          "ref": null,
                          "rendered": Array [
                            Object {
                              "instance": <h3
                                class="value Beru Whitesun lars"
>
                                Beru Whitesun lars
</h3>,
                              "key": "0",
                              "nodeType": "host",
                              "props": Object {
                                "children": "Beru Whitesun lars",
                                "className": "value Beru Whitesun lars",
                              },
                              "ref": null,
                              "rendered": Array [
                                "Beru Whitesun lars",
                              ],
                              "type": "h3",
                            },
                            Object {
                              "instance": <h3
                                class="value undefined"
/>,
                              "key": "1",
                              "nodeType": "host",
                              "props": Object {
                                "children": undefined,
                                "className": "value undefined",
                              },
                              "ref": null,
                              "rendered": Array [
                                undefined,
                              ],
                              "type": "h3",
                            },
                            Object {
                              "instance": <h3
                                class="value undefined"
/>,
                              "key": "2",
                              "nodeType": "host",
                              "props": Object {
                                "children": undefined,
                                "className": "value undefined",
                              },
                              "ref": null,
                              "rendered": Array [
                                undefined,
                              ],
                              "type": "h3",
                            },
                            Object {
                              "instance": <h3
                                class="value undefined"
/>,
                              "key": "3",
                              "nodeType": "host",
                              "props": Object {
                                "children": undefined,
                                "className": "value undefined",
                              },
                              "ref": null,
                              "rendered": Array [
                                undefined,
                              ],
                              "type": "h3",
                            },
                          ],
                          "type": "h3",
                        },
                      ],
                      "type": "section",
                    },
                  ],
                  "type": "article",
                },
                "type": [Function],
              },
            ],
            "type": "section",
          },
        ],
        "type": "article",
      },
      "type": [Function],
    },
  ],
  Symbol(enzyme.__options__): Object {
    "adapter": ReactSixteenAdapter {
      "options": Object {
        "enableComponentDidUpdateOnSetState": true,
      },
    },
  },
}
`;
