// Jest Snapshot v1, https://goo.gl/fbAQLP

exports[`should match the snapshot 1`] = `
ShallowWrapper {
  "length": 1,
  Symbol(enzyme.__root__): [Circular],
  Symbol(enzyme.__unrendered__): <Card
    data={
        Array [
            Object {
              "favorite": false,
              "homeworld": undefined,
              "name": "Beru Whitesun lars",
              "population": undefined,
              "species": undefined,
            },
          ]
    }
/>,
  Symbol(enzyme.__renderer__): Object {
    "batchedUpdates": [Function],
    "getNode": [Function],
    "render": [Function],
    "simulateEvent": [Function],
    "unmount": [Function],
  },
  Symbol(enzyme.__node__): Object {
    "instance": null,
    "key": undefined,
    "nodeType": "host",
    "props": Object {
      "children": Array [
        <p
          onClick={[Function]}
>
          <i
                    class="fas fa-sun"
          />
</p>,
        <section
          className="card-display"
>
          <h3
                    className="title"
          >
                    <h3
                              className="title 0"
                    >
                              0
                    </h3>
          </h3>
          <h3
                    className="value"
          >
                    <h3
                              className="value [object Object]"
                    >
                              Object {
                                        "favorite": false,
                                        "homeworld": undefined,
                                        "name": "Beru Whitesun lars",
                                        "population": undefined,
                                        "species": undefined,
                                      }
                    </h3>
          </h3>
</section>,
      ],
      "className": "card",
    },
    "ref": null,
    "rendered": Array [
      Object {
        "instance": null,
        "key": undefined,
        "nodeType": "host",
        "props": Object {
          "children": <i
            class="fas fa-sun"
/>,
          "onClick": [Function],
        },
        "ref": null,
        "rendered": Object {
          "instance": null,
          "key": undefined,
          "nodeType": "host",
          "props": Object {
            "class": "fas fa-sun",
          },
          "ref": null,
          "rendered": null,
          "type": "i",
        },
        "type": "p",
      },
      Object {
        "instance": null,
        "key": undefined,
        "nodeType": "host",
        "props": Object {
          "children": Array [
            <h3
              className="title"
>
              <h3
                            className="title 0"
              >
                            0
              </h3>
</h3>,
            <h3
              className="value"
>
              <h3
                            className="value [object Object]"
              >
                            Object {
                                          "favorite": false,
                                          "homeworld": undefined,
                                          "name": "Beru Whitesun lars",
                                          "population": undefined,
                                          "species": undefined,
                                        }
              </h3>
</h3>,
          ],
          "className": "card-display",
        },
        "ref": null,
        "rendered": Array [
          Object {
            "instance": null,
            "key": undefined,
            "nodeType": "host",
            "props": Object {
              "children": Array [
                <h3
                  className="title 0"
>
                  0
</h3>,
              ],
              "className": "title",
            },
            "ref": null,
            "rendered": Array [
              Object {
                "instance": null,
                "key": "0",
                "nodeType": "host",
                "props": Object {
                  "children": "0",
                  "className": "title 0",
                },
                "ref": null,
                "rendered": "0",
                "type": "h3",
              },
            ],
            "type": "h3",
          },
          Object {
            "instance": null,
            "key": undefined,
            "nodeType": "host",
            "props": Object {
              "children": Array [
                <h3
                  className="value [object Object]"
>
                  Object {
                                    "favorite": false,
                                    "homeworld": undefined,
                                    "name": "Beru Whitesun lars",
                                    "population": undefined,
                                    "species": undefined,
                                  }
</h3>,
              ],
              "className": "value",
            },
            "ref": null,
            "rendered": Array [
              Object {
                "instance": null,
                "key": "0",
                "nodeType": "host",
                "props": Object {
                  "children": Object {
                    "favorite": false,
                    "homeworld": undefined,
                    "name": "Beru Whitesun lars",
                    "population": undefined,
                    "species": undefined,
                  },
                  "className": "value [object Object]",
                },
                "ref": null,
                "rendered": Object {
                  "favorite": false,
                  "homeworld": undefined,
                  "name": "Beru Whitesun lars",
                  "population": undefined,
                  "species": undefined,
                },
                "type": "h3",
              },
            ],
            "type": "h3",
          },
        ],
        "type": "section",
      },
    ],
    "type": "article",
  },
  Symbol(enzyme.__nodes__): Array [
    Object {
      "instance": null,
      "key": undefined,
      "nodeType": "host",
      "props": Object {
        "children": Array [
          <p
            onClick={[Function]}
>
            <i
                        class="fas fa-sun"
            />
</p>,
          <section
            className="card-display"
>
            <h3
                        className="title"
            >
                        <h3
                                    className="title 0"
                        >
                                    0
                        </h3>
            </h3>
            <h3
                        className="value"
            >
                        <h3
                                    className="value [object Object]"
                        >
                                    Object {
                                                "favorite": false,
                                                "homeworld": undefined,
                                                "name": "Beru Whitesun lars",
                                                "population": undefined,
                                                "species": undefined,
                                              }
                        </h3>
            </h3>
</section>,
        ],
        "className": "card",
      },
      "ref": null,
      "rendered": Array [
        Object {
          "instance": null,
          "key": undefined,
          "nodeType": "host",
          "props": Object {
            "children": <i
              class="fas fa-sun"
/>,
            "onClick": [Function],
          },
          "ref": null,
          "rendered": Object {
            "instance": null,
            "key": undefined,
            "nodeType": "host",
            "props": Object {
              "class": "fas fa-sun",
            },
            "ref": null,
            "rendered": null,
            "type": "i",
          },
          "type": "p",
        },
        Object {
          "instance": null,
          "key": undefined,
          "nodeType": "host",
          "props": Object {
            "children": Array [
              <h3
                className="title"
>
                <h3
                                className="title 0"
                >
                                0
                </h3>
</h3>,
              <h3
                className="value"
>
                <h3
                                className="value [object Object]"
                >
                                Object {
                                                "favorite": false,
                                                "homeworld": undefined,
                                                "name": "Beru Whitesun lars",
                                                "population": undefined,
                                                "species": undefined,
                                              }
                </h3>
</h3>,
            ],
            "className": "card-display",
          },
          "ref": null,
          "rendered": Array [
            Object {
              "instance": null,
              "key": undefined,
              "nodeType": "host",
              "props": Object {
                "children": Array [
                  <h3
                    className="title 0"
>
                    0
</h3>,
                ],
                "className": "title",
              },
              "ref": null,
              "rendered": Array [
                Object {
                  "instance": null,
                  "key": "0",
                  "nodeType": "host",
                  "props": Object {
                    "children": "0",
                    "className": "title 0",
                  },
                  "ref": null,
                  "rendered": "0",
                  "type": "h3",
                },
              ],
              "type": "h3",
            },
            Object {
              "instance": null,
              "key": undefined,
              "nodeType": "host",
              "props": Object {
                "children": Array [
                  <h3
                    className="value [object Object]"
>
                    Object {
                                        "favorite": false,
                                        "homeworld": undefined,
                                        "name": "Beru Whitesun lars",
                                        "population": undefined,
                                        "species": undefined,
                                      }
</h3>,
                ],
                "className": "value",
              },
              "ref": null,
              "rendered": Array [
                Object {
                  "instance": null,
                  "key": "0",
                  "nodeType": "host",
                  "props": Object {
                    "children": Object {
                      "favorite": false,
                      "homeworld": undefined,
                      "name": "Beru Whitesun lars",
                      "population": undefined,
                      "species": undefined,
                    },
                    "className": "value [object Object]",
                  },
                  "ref": null,
                  "rendered": Object {
                    "favorite": false,
                    "homeworld": undefined,
                    "name": "Beru Whitesun lars",
                    "population": undefined,
                    "species": undefined,
                  },
                  "type": "h3",
                },
              ],
              "type": "h3",
            },
          ],
          "type": "section",
        },
      ],
      "type": "article",
    },
  ],
  Symbol(enzyme.__options__): Object {
    "adapter": ReactSixteenAdapter {
      "options": Object {
        "enableComponentDidUpdateOnSetState": true,
      },
    },
  },
}
`;
